// Jest Snapshot v1, https://goo.gl/fbAQLP

exports[`Home Page test renders correctly 1`] = `
Array [
  <span
    className="hello"
  >
    Hello World!
  </span>,
  <br />,
  <button>
    <span
      style={
        Object {
          "fontStyle": "italic",
        }
      }
    >
      Кнопка!
    </span>
  </button>,
  <br />,
  <span
    style={
      Object {
        "fontStyle": "italic",
      }
    }
  >
    Text
  </span>,
]
`;
